13306@DESKTOP-Q8DGBQU MINGW64 ~/IH-Labs (main)
$ cd lab-bash

13306@DESKTOP-Q8DGBQU MINGW64 ~/IH-Labs/lab-bash (master)
$ ls
exercices/  inputs/  lab-bash  lorem/  lorem-copy/  outputs/  readme.md

13306@DESKTOP-Q8DGBQU MINGW64 ~/IH-Labs/lab-bash (master)
$ new_dir
bash: new_dir: command not found

13306@DESKTOP-Q8DGBQU MINGW64 ~/IH-Labs/lab-bash (master)
$ git add [new_dir]
fatal: pathspec '[new_dir]' did not match any files

13306@DESKTOP-Q8DGBQU MINGW64 ~/IH-Labs/lab-bash (master)
$ cd new_dir
bash: cd: new_dir: No such file or directory

13306@DESKTOP-Q8DGBQU MINGW64 ~/IH-Labs/lab-bash (master)
$ mkdir new_dir

13306@DESKTOP-Q8DGBQU MINGW64 ~/IH-Labs/lab-bash (master)
$ ls
exercices/  inputs/  lab-bash  lorem/  lorem-copy/  new_dir/  outputs/  readme.md

13306@DESKTOP-Q8DGBQU MINGW64 ~/IH-Labs/lab-bash (master)
$ cd new_dir

13306@DESKTOP-Q8DGBQU MINGW64 ~/IH-Labs/lab-bash/new_dir (master)
$ cd ..

13306@DESKTOP-Q8DGBQU MINGW64 ~/IH-Labs/lab-bash (master)
$ rm new_dir
rm: cannot remove 'new_dir': Is a directory

13306@DESKTOP-Q8DGBQU MINGW64 ~/IH-Labs/lab-bash (master)
$ ls
exercices/  inputs/  lab-bash  lorem/  lorem-copy/  new_dir/  outputs/  readme.md

13306@DESKTOP-Q8DGBQU MINGW64 ~/IH-Labs/lab-bash (master)
$ rm -r new_dir

13306@DESKTOP-Q8DGBQU MINGW64 ~/IH-Labs/lab-bash (master)
$ ls
exercices/  inputs/  lab-bash  lorem/  lorem-copy/  outputs/  readme.md

13306@DESKTOP-Q8DGBQU MINGW64 ~/IH-Labs/lab-bash (master)
$ cd lorem

13306@DESKTOP-Q8DGBQU MINGW64 ~/IH-Labs/lab-bash/lorem (master)
$ ls
Test.txt  at.txt  at.txte  lorem-copy  lorem.txt  sed.txt

13306@DESKTOP-Q8DGBQU MINGW64 ~/IH-Labs/lab-bash/lorem (master)
$ cp sed.txt
cp: missing destination file operand after 'sed.txt'
Try 'cp --help' for more information.

13306@DESKTOP-Q8DGBQU MINGW64 ~/IH-Labs/lab-bash/lorem (master)
$ cp sed.txt lorem-copy

13306@DESKTOP-Q8DGBQU MINGW64 ~/IH-Labs/lab-bash/lorem (master)
$ cd ..

13306@DESKTOP-Q8DGBQU MINGW64 ~/IH-Labs/lab-bash (master)
$ lorem-copy
bash: lorem-copy: command not found

13306@DESKTOP-Q8DGBQU MINGW64 ~/IH-Labs/lab-bash (master)
$ cd lorem-copy

13306@DESKTOP-Q8DGBQU MINGW64 ~/IH-Labs/lab-bash/lorem-copy (master)
$ ls
dummy_file.txt

13306@DESKTOP-Q8DGBQU MINGW64 ~/IH-Labs/lab-bash/lorem-copy (master)
$ cd ..

13306@DESKTOP-Q8DGBQU MINGW64 ~/IH-Labs/lab-bash (master)
$ cd lorem

13306@DESKTOP-Q8DGBQU MINGW64 ~/IH-Labs/lab-bash/lorem (master)
$ ls
Test.txt  at.txt  at.txte  lorem-copy  lorem.txt  sed.txt

13306@DESKTOP-Q8DGBQU MINGW64 ~/IH-Labs/lab-bash/lorem (master)
$ cp sed.txt lorem-copy

13306@DESKTOP-Q8DGBQU MINGW64 ~/IH-Labs/lab-bash/lorem (master)
$ cd ..

13306@DESKTOP-Q8DGBQU MINGW64 ~/IH-Labs/lab-bash (master)
$ cd lorem-copy

13306@DESKTOP-Q8DGBQU MINGW64 ~/IH-Labs/lab-bash/lorem-copy (master)
$ ls
dummy_file.txt

13306@DESKTOP-Q8DGBQU MINGW64 ~/IH-Labs/lab-bash/lorem-copy (master)
$ cd ..

13306@DESKTOP-Q8DGBQU MINGW64 ~/IH-Labs/lab-bash (master)
$ cd lorem

13306@DESKTOP-Q8DGBQU MINGW64 ~/IH-Labs/lab-bash/lorem (master)
$ cp sed.txt lorem-copy

13306@DESKTOP-Q8DGBQU MINGW64 ~/IH-Labs/lab-bash/lorem (master)
$ cd ..

13306@DESKTOP-Q8DGBQU MINGW64 ~/IH-Labs/lab-bash (master)
$ cd lorem-copy

13306@DESKTOP-Q8DGBQU MINGW64 ~/IH-Labs/lab-bash/lorem-copy (master)
$ ls
dummy_file.txt

13306@DESKTOP-Q8DGBQU MINGW64 ~/IH-Labs/lab-bash/lorem-copy (master)
$ cat at.txt
cat: at.txt: No such file or directory

13306@DESKTOP-Q8DGBQU MINGW64 ~/IH-Labs/lab-bash/lorem-copy (master)
$ cd ..

13306@DESKTOP-Q8DGBQU MINGW64 ~/IH-Labs/lab-bash (master)
$ cd lorem

13306@DESKTOP-Q8DGBQU MINGW64 ~/IH-Labs/lab-bash/lorem (master)
$ ls
Test.txt  at.txt  at.txte  lorem-copy  lorem.txt  sed.txt

13306@DESKTOP-Q8DGBQU MINGW64 ~/IH-Labs/lab-bash/lorem (master)
$ cat at.txt
At vero eos ET accusamus ET iusto odio dignissimos ducimus qui blanditiis praesentium voluptatum
deleniti atque corrupti quos dolores ET quas molestias excepturi sint occaecati cupiditate non
provident, similique sunt in culpa qui officia deserunt mollitia animi, id est laborum ET dolorum fuga.
Et harum quidem rerum facilis est ET expedita distinctio.
Nam libero tempore, cum soluta nobis est eligendi optio cumque nihil impedit quo minus id quod
maxime placeat facere possimus, omnis voluptas assumenda est, omnis dolor repellendus.
Temporibus autem quibusdam ET aut officiis debitis aut rerum necessitatibus saepe eveniET
ut ET voluptates repudiandae sint ET molestiae non recusandae.
Itaque earum rerum hic tenETur a sapiente delectus, ut aut reiciendis voluptatibus maiores
alias consequatur aut perferendis doloribus asperiores repellat

13306@DESKTOP-Q8DGBQU MINGW64 ~/IH-Labs/lab-bash/lorem (master)
$ cat lorem.txt
Lorem ipsum dolor sit amet, consectetur adipiscing elit, sed do eiusmod tempor incididunt ut labore et dolore magna aliqua.
Ut enim ad minim veniam, quis nostrud exercitation ullamco laboris nisi ut aliquip ex ea commodo consequat.
Duis aute irure dolor in reprehenderit in voluptate velit esse cillum dolore eu fugiat nulla pariatur.
Excepteur sint occaecat cupidatat non proident, sunt in culpa qui officia deserunt mollit anim id est laborum.
13306@DESKTOP-Q8DGBQU MINGW64 ~/IH-Labs/lab-bash/lorem (master)
$ cd ..

13306@DESKTOP-Q8DGBQU MINGW64 ~/IH-Labs/lab-bash (master)
$ cd lorem-copy

13306@DESKTOP-Q8DGBQU MINGW64 ~/IH-Labs/lab-bash/lorem-copy (master)
$ ls
dummy_file.txt  sed.txt

13306@DESKTOP-Q8DGBQU MINGW64 ~/IH-Labs/lab-bash/lorem-copy (master)
$ git show sed.txt

13306@DESKTOP-Q8DGBQU MINGW64 ~/IH-Labs/lab-bash/lorem-copy (master)
$ head sed.txt
Sed ut perspiciatis unde omnis iste natus error sit voluptatem accusantium doloremque laudantium,
totam rem aperiam, eaque ipsa quae ab illo inventore veritatis et quasi architecto beatae vitae dicta sunt explicabo.
Nemo enim ipsam voluptatem quia voluptas sit aspernatur aut odit aut fugit,
sed quia consequuntur magni dolores eos qui ratione voluptatem sequi nesciunt.
Neque porro quisquam est, qui dolorem ipsum quia dolor sit amet, consectetur, adipisci velit,
sed quia non numquam eius modi tempora incidunt ut labore et dolore magnam aliquam quaerat voluptatem.
Ut enim ad minima veniam, quis nostrum exercitationem ullam corporis suscipit laboriosam,
nisi ut aliquid ex ea commodi consequatur? Quis autem vel eum iure reprehenderit qui in ea voluptate velit esse quam nihil molestiae consequatur,
vel illum qui dolorem eum fugiat quo voluptas nulla pariatur?Homo homini lupus

13306@DESKTOP-Q8DGBQU MINGW64 ~/IH-Labs/lab-bash/lorem-copy (master)
$ head -3 sed.txt
Sed ut perspiciatis unde omnis iste natus error sit voluptatem accusantium doloremque laudantium,
totam rem aperiam, eaque ipsa quae ab illo inventore veritatis et quasi architecto beatae vitae dicta sunt explicabo.
Nemo enim ipsam voluptatem quia voluptas sit aspernatur aut odit aut fugit,

13306@DESKTOP-Q8DGBQU MINGW64 ~/IH-Labs/lab-bash/lorem-copy (master)
$ tail -3 sed.txt
Ut enim ad minima veniam, quis nostrum exercitationem ullam corporis suscipit laboriosam,
nisi ut aliquid ex ea commodi consequatur? Quis autem vel eum iure reprehenderit qui in ea voluptate velit esse quam nihil molestiae consequatur,
vel illum qui dolorem eum fugiat quo voluptas nulla pariatur?Homo homini lupus

13306@DESKTOP-Q8DGBQU MINGW64 ~/IH-Labs/lab-bash/lorem-copy (master)
$ cat sed.txt
